Rendering to 1024x1024 image
Loaded scene with 3 circles
Loaded scene with 3 circles
---------------------------------------------------------
Initializing CUDA for CudaRenderer
Found 1 CUDA devices
Device 0: NVIDIA GeForce GTX 650
   SMs:        2
   Global mem: 978 MB
   CUDA Cap:   3.0
---------------------------------------------------------

Running benchmark, 1 frames, beginning at frame 0 ...
Dumping frames to logs/output_xxx.ppm
Copying image data from device
Wrote image file logs/output_0000.ppm
Copying image data from device
***************** Correctness check passed **************************
Clear:    0.3070 ms
Advance:  0.0008 ms
Render:   13.3607 ms
Total:    13.6685 ms
File IO:  85.5126 ms

Overall:  0.1202 sec (note units are seconds)
